// Jest Snapshot v1, https://goo.gl/fbAQLP

exports[`App container matches the snapshot with city loader and no saved cities 1`] = `
<div>
  <div
    className="container"
  >
    <div
      className="row"
    >
      <div
        className="col-lg-4"
      >
        <h2
          id="title"
        >
          Погода здесь
        </h2>
      </div>
      <div
        className="col-lg-4"
      >
        <button
          id="update-button"
          onClick={[Function]}
        >
          Обновить
        </button>
      </div>
    </div>
  </div>
  <div
    className="container"
  >
    <div
      className="row"
    >
      <div
        className="col-lg-12"
      >
        <h2
          id="waiting"
        >
          Подождите, данные загружаются
        </h2>
      </div>
      <div
        className="col-lg-12 "
      >
        <div
          className="center-block"
        >
          <div
            className="css-236bqq"
          />
        </div>
      </div>
    </div>
  </div>
  <div
    className="container"
  >
    <div
      className="row"
    >
      <div
        className="col-lg-4"
      >
        <h2
          id="title"
        >
          Избранное
        </h2>
      </div>
      <div
        className="col-lg-6"
      >
        <form
          onSubmit={[Function]}
        >
          <input
            id="inputfld"
            placeholder="Город"
          />
          <input
            id="update-button"
            type="submit"
            value="Добавить в избранное"
          />
        </form>
      </div>
    </div>
    <div
      className="row"
    />
  </div>
</div>
`;

exports[`App container matches the snapshot with city loader and one saved city 1`] = `
<div>
  <div
    className="container"
  >
    <div
      className="row"
    >
      <div
        className="col-lg-4"
      >
        <h2
          id="title"
        >
          Погода здесь
        </h2>
      </div>
      <div
        className="col-lg-4"
      >
        <button
          id="update-button"
          onClick={[Function]}
        >
          Обновить
        </button>
      </div>
    </div>
  </div>
  <div
    className="container"
  >
    <div
      className="row"
    >
      <div
        className="col-lg-12"
      >
        <h2
          id="waiting"
        >
          Подождите, данные загружаются
        </h2>
      </div>
      <div
        className="col-lg-12 "
      >
        <div
          className="center-block"
        >
          <div
            className="css-236bqq"
          />
        </div>
      </div>
    </div>
  </div>
  <div
    className="container"
  >
    <div
      className="row"
    >
      <div
        className="col-lg-4"
      >
        <h2
          id="title"
        >
          Избранное
        </h2>
      </div>
      <div
        className="col-lg-6"
      >
        <form
          onSubmit={[Function]}
        >
          <input
            id="inputfld"
            placeholder="Город"
          />
          <input
            id="update-button"
            type="submit"
            value="Добавить в избранное"
          />
        </form>
      </div>
    </div>
    <div
      className="row"
    >
      <div
        className="container"
      >
        <div
          className="row"
        >
          <div
            className="col-lg-12"
          >
            <h2
              id="waiting"
            >
              Подождите, данные загружаются
            </h2>
          </div>
          <div
            className="col-lg-12 "
          >
            <div
              className="center-block"
            >
              <div
                className="css-236bqq"
              />
            </div>
          </div>
        </div>
      </div>
    </div>
  </div>
</div>
`;
